// Jest Snapshot v1, https://goo.gl/fbAQLP

exports[`Button component renders correctly 1`] = `
<View
  style={
    Array [
      Object {
        "flex": 1,
      },
    ]
  }
>
  <mocked
    goBack={[Function]}
    originalComponent="Icon"
    title="Language"
  />
  <View
    style={
      Object {
        "alignSelf": "center",
        "width": "80%",
      }
    }
  >
    <RCTScrollView
      data={
        Array [
          Object {
            "title": "English",
          },
          Object {
            "title": "French",
          },
          Object {
            "title": "Hebrew",
          },
          Object {
            "title": "Chinese",
          },
        ]
      }
      disableVirtualization={false}
      extraData={
        Object {
          "selectedIndex": 0,
        }
      }
      getItem={[Function]}
      getItemCount={[Function]}
      horizontal={false}
      initialNumToRender={10}
      keyExtractor={[Function]}
      maxToRenderPerBatch={10}
      numColumns={1}
      onContentSizeChange={[Function]}
      onEndReachedThreshold={2}
      onLayout={[Function]}
      onMomentumScrollEnd={[Function]}
      onScroll={[Function]}
      onScrollBeginDrag={[Function]}
      onScrollEndDrag={[Function]}
      removeClippedSubviews={false}
      renderItem={[Function]}
      scrollEventThrottle={50}
      stickyHeaderIndices={Array []}
      updateCellsBatchingPeriod={50}
      viewabilityConfigCallbackPairs={Array []}
      windowSize={21}
    >
      <View>
        <View
          onLayout={[Function]}
          style={null}
        >
          <View
            accessible={true}
            isTVSelectable={true}
            onResponderGrant={[Function]}
            onResponderMove={[Function]}
            onResponderRelease={[Function]}
            onResponderTerminate={[Function]}
            onResponderTerminationRequest={[Function]}
            onStartShouldSetResponder={[Function]}
            style={
              Object {
                "opacity": 1,
              }
            }
          >
            <View>
              <View
                style={
                  Object {
                    "alignItems": "center",
                    "borderBottomColor": "#bbb",
                    "borderBottomWidth": 0.5,
                    "flexDirection": "row",
                    "paddingVertical": 30,
                  }
                }
              >
                <Text
                  style={
                    Array [
                      Object {
                        "color": "#2D2D2D",
                        "flex": 1,
                        "fontSize": 16,
                      },
                    ]
                  }
                >
                  English
                </Text>
                <Text
                  allowFontScaling={false}
                  style={
                    Array [
                      Object {
                        "color": undefined,
                        "fontSize": 20,
                      },
                      Object {
                        "color": "#00B520",
                        "marginRight": 10,
                      },
                      Object {
                        "fontFamily": "anticon",
                        "fontStyle": "normal",
                        "fontWeight": "normal",
                      },
                      Object {},
                    ]
                  }
                >
                  î˜²
                </Text>
              </View>
            </View>
          </View>
        </View>
        <View
          onLayout={[Function]}
          style={null}
        >
          <View
            accessible={true}
            isTVSelectable={true}
            onResponderGrant={[Function]}
            onResponderMove={[Function]}
            onResponderRelease={[Function]}
            onResponderTerminate={[Function]}
            onResponderTerminationRequest={[Function]}
            onStartShouldSetResponder={[Function]}
            style={
              Object {
                "opacity": 1,
              }
            }
          >
            <View>
              <View
                style={
                  Object {
                    "alignItems": "center",
                    "borderBottomColor": "#bbb",
                    "borderBottomWidth": 0.5,
                    "flexDirection": "row",
                    "paddingVertical": 30,
                  }
                }
              >
                <Text
                  style={
                    Array [
                      Object {
                        "color": "#2D2D2D",
                        "flex": 1,
                        "fontSize": 16,
                      },
                    ]
                  }
                >
                  French
                </Text>
              </View>
            </View>
          </View>
        </View>
        <View
          onLayout={[Function]}
          style={null}
        >
          <View
            accessible={true}
            isTVSelectable={true}
            onResponderGrant={[Function]}
            onResponderMove={[Function]}
            onResponderRelease={[Function]}
            onResponderTerminate={[Function]}
            onResponderTerminationRequest={[Function]}
            onStartShouldSetResponder={[Function]}
            style={
              Object {
                "opacity": 1,
              }
            }
          >
            <View>
              <View
                style={
                  Object {
                    "alignItems": "center",
                    "borderBottomColor": "#bbb",
                    "borderBottomWidth": 0.5,
                    "flexDirection": "row",
                    "paddingVertical": 30,
                  }
                }
              >
                <Text
                  style={
                    Array [
                      Object {
                        "color": "#2D2D2D",
                        "flex": 1,
                        "fontSize": 16,
                      },
                    ]
                  }
                >
                  Hebrew
                </Text>
              </View>
            </View>
          </View>
        </View>
        <View
          onLayout={[Function]}
          style={null}
        >
          <View
            accessible={true}
            isTVSelectable={true}
            onResponderGrant={[Function]}
            onResponderMove={[Function]}
            onResponderRelease={[Function]}
            onResponderTerminate={[Function]}
            onResponderTerminationRequest={[Function]}
            onStartShouldSetResponder={[Function]}
            style={
              Object {
                "opacity": 1,
              }
            }
          >
            <View>
              <View
                style={
                  Object {
                    "alignItems": "center",
                    "borderBottomColor": "#bbb",
                    "borderBottomWidth": 0.5,
                    "flexDirection": "row",
                    "paddingVertical": 30,
                  }
                }
              >
                <Text
                  style={
                    Array [
                      Object {
                        "color": "#2D2D2D",
                        "flex": 1,
                        "fontSize": 16,
                      },
                    ]
                  }
                >
                  Chinese
                </Text>
              </View>
            </View>
          </View>
        </View>
      </View>
    </RCTScrollView>
  </View>
</View>
`;
